   0 program main;
   0     var d,a,b,k,j,i:integer;
**** ^ 0
   1         data : record
**** ^ 0
**** ^ 0
****               ^10
   1             i : integer;
****    ^ 0
****     ^ 0
****       ^23
****       ^14
   1             j : integer;
****    ^ 0
****     ^ 0
****       ^14
   1             k : integer;
****    ^ 0
****     ^ 0
****       ^14
   1             s: real;
****    ^ 0
****     ^ 0
****             ^10
   1             name: char;
****    ^ 0
****     ^ 0
   1         end;
****    ^ 0
****        ^13
   1     function  Fibonacci(m, n : integer) : integer;
**** ^ 0
****           ^ 0
****                    ^24
****                    ^10
****                     ^13
****                      ^23
****                                    ^13
****                                              ^23
****                                               ^24
****                                               ^10
   1         begin
****    ^ 0
   2             if m>10
****    ^ 0
****     ^ 0
   4                 then Fibonacci  := m
****    ^ 0
****     ^ 0
****               ^ 0
****                        ^10
****                        ^10
   7             else
****    ^ 0
****     ^ 0
****          ^40
   8                 Fibonacci  := Fibonacci(m+n,m);
****    ^ 0
****     ^ 0
****          ^ 0
****                   ^10
****                   ^10
****                        ^ 0
****                                 ^10
****                                  ^10
****                                  ^23
****                                  ^13
  11         end;
****    ^ 0
****        ^13
****         ^13
  12     function  encode(m : integer) : integer;
  12             begin
****        ^ 0
   1   ENTP  1   12
   2  LOD    1   10
   3  LIT    0   10
   4   GT    0    0
   5  JPC    0    9
   6  LODA   0    0
   7  LOD    1   10
   8  JMP    0   11
   9  LODA   0    0
  10  STO    0    0
  11  ENDP   0    0
****              ^38
